-----------------------------------------------------------------------------------------------------------------------------------------------------
      name:  <unnamed>
       log:  C:\Language_Interfacing\output/Python_within_Stata.log
  log type:  text
 opened on:   5 Oct 2026, 19:46:28

. 
. python search
-----------------------------------------------------------------------------------------------------------------------------------------------------
 Python environments found:  
 C:\Users\sscho\AppData\Local\Programs\Python\Python314\python.exe
 C:\Users\sscho\AppData\Local\Programs\Python\Python313-arm64\python.exe
-----------------------------------------------------------------------------------------------------------------------------------------------------

. python which pandas
<module 'pandas' from 'C:\\Users\\sscho\\AppData\\Local\\Programs\\Python\\Python314\\Lib\\site-packages\\pandas\\__init__.py'>

. 
. 
. *****************************
. *Functions not using datasets
. *do not use print - use return
. *****************************
. 
. python:
----------------------------------------------- python (type end to exit) ---------------------------------------------------------------------------
>>> def my_function():
...   return("Hello from a function")
>>> my_function()
'Hello from a function'
>>> end
-----------------------------------------------------------------------------------------------------------------------------------------------------

. 
. 
. *Example: input is fahrenheit.
. python:
----------------------------------------------- python (type end to exit) ---------------------------------------------------------------------------
>>> def fah_to_cels(fahrenheit):
...   return (fahrenheit - 32) * 5 / 9
>>> print(fah_to_cels(77))
25.0
>>> print(fah_to_cels(78))
25.555555555555557
>>> end
-----------------------------------------------------------------------------------------------------------------------------------------------------

. 
. python:
----------------------------------------------- python (type end to exit) ---------------------------------------------------------------------------
>>> def addtwo(x,y):
...   return (x+y)*2
>>> print(addtwo(4,5))
18
>>> end
-----------------------------------------------------------------------------------------------------------------------------------------------------

. 
. 
. ****************************
. *argument is the array
. *function is the mean
. ****************************
. python:
----------------------------------------------- python (type end to exit) ---------------------------------------------------------------------------
>>> import numpy as np
>>> df = np.array([25.1, 25.2, 25.3, 25.4, 25.5])
>>> def print_mean(x):
...         a = np.mean(x)
...         b = np.std(x)
...         return(a)
...         return(b)
...         return(a+b)
>>> print_mean(df)
np.float64(25.3)
>>> end
-----------------------------------------------------------------------------------------------------------------------------------------------------

. 
. *add two arrays
. python:
----------------------------------------------- python (type end to exit) ---------------------------------------------------------------------------
>>> import numpy as np
>>> df1 = np.array([25.1, 25.2, 25.3, 25.4, 25.5])
>>> df2 = np.array([25.1, 25.2, 25.3, 25.4, 25.5])
>>> 
>>> def add_array(x,y):
...         df = x + y
...         return(df)
... 
>>> add_array(df1,df2)
array([50.2, 50.4, 50.6, 50.8, 51. ])
>>> end
-----------------------------------------------------------------------------------------------------------------------------------------------------

. 
. *sumproduct
. python:
----------------------------------------------- python (type end to exit) ---------------------------------------------------------------------------
>>> import numpy as np
>>> a = np.array([1, 2, 3])
>>> b = np.array([4, 5, 6])
>>> 
>>> def sumproduct(x,y):
...         result1 = np.sum(x * y)
...         result2 = np.dot(x, y)
...         return(result1,result2)
... 
>>> sumproduct(a,b)
(np.int64(32), np.int64(32))
>>> end
-----------------------------------------------------------------------------------------------------------------------------------------------------

. 
. *{python}
. python:
----------------------------------------------- python (type end to exit) ---------------------------------------------------------------------------
>>> x = 2 + 2
>>> y = x*4
>>> print(x)
4
>>> print(y)
16
>>> end
-----------------------------------------------------------------------------------------------------------------------------------------------------

. 
. *{Python and Stata}
. python:
----------------------------------------------- python (type end to exit) ---------------------------------------------------------------------------
>>> word = 'Python'
>>> word[0], word[-1]
('P', 'n')
>>> len(word)
6
>>> squares = [1,4,9,16,25]
>>> squares
[1, 4, 9, 16, 25]
>>> from math import pi
>>> [str(round(pi, i)) for i in range(1,8)]
['3.1', '3.14', '3.142', '3.1416', '3.14159', '3.141593', '3.1415927']
>>> 
>>> for i in range(3):
...    print(i)
... 
0
1
2
>>> stata: sysuse auto, clear
(1978 automobile data)
>>> stata: regress mpg weight foreign

      Source |       SS           df       MS      Number of obs   =        74
-------------+----------------------------------   F(2, 71)        =     69.75
       Model |   1619.2877         2  809.643849   Prob > F        =    0.0000
    Residual |  824.171761        71   11.608053   R-squared       =    0.6627
-------------+----------------------------------   Adj R-squared   =    0.6532
       Total |  2443.45946        73  33.4720474   Root MSE        =    3.4071

------------------------------------------------------------------------------
         mpg | Coefficient  Std. err.      t    P>|t|     [95% conf. interval]
-------------+----------------------------------------------------------------
      weight |  -.0065879   .0006371   -10.34   0.000    -.0078583   -.0053175
     foreign |  -1.650029   1.075994    -1.53   0.130      -3.7955    .4954422
       _cons |    41.6797   2.165547    19.25   0.000     37.36172    45.99768
------------------------------------------------------------------------------
>>> end
-----------------------------------------------------------------------------------------------------------------------------------------------------

. 
. *Run python scripts
. python script "./code/input_code/Python_script.py"
4
16

. 
. *Run python code that has been used in these do-files.
. clear all 

. do "./code/input_code/pyex1.do"

. version 19.5 

. local a = 2

. local b = 3

. 
. python:
----------------------------------------------- python (type end to exit) ---------------------------------------------------------------------------
>>> from sfi import Scalar
>>> def my_calcsum(num1, num2):
...         my_result = num1 + num2
...         Scalar.setValue("result", my_result)
... 
>>> my_calcsum(2, 3)
>>> end
-----------------------------------------------------------------------------------------------------------------------------------------------------

. 
. display result
5

. 
. 
end of do-file

. clear all

. do "./code/input_code/pyex2.do"

. version 19.5 // (or version 19 if you do not have StataNow)

. local a = 2

. local b = 3

. 
. python:
----------------------------------------------- python (type end to exit) ---------------------------------------------------------------------------
>>> from sfi import Scalar
>>> def my_calcsum(num1, num2):
...         my_result = num1 + num2
...         Scalar.setValue("result", my_result)
>>> end
-----------------------------------------------------------------------------------------------------------------------------------------------------

. 
. python: my_calcsum(`a', `b')

. display result
5

. 
end of do-file

. 
. 
. **********************************************
. *using locals and then running python script
. **********************************************
. 
. version 19.5 

. local a = 2

. local b = 3

. python script "./code/input_code/pyex.py"

. display result
5

. 
. 
. version 19.5 

. local a = 2

. local b = 3

. python script "./code/input_code/pyex.py", args(`a' `b')

. display result
5

. 
. 
. *==================
. *Example
. *==================
. 
. *Download data within Python.
. *Export and analyse data in Stata.
. 
. clear

. python:
----------------------------------------------- python (type end to exit) ---------------------------------------------------------------------------
>>> import yfinance as yf
>>> dowjones = yf.download("^DJI", start="2010-01-01", end="2019-12-31")
[*********************100%***********************]  1 of 1 completed
>>> dowjones
Price              Close          High           Low          Open     Volume
Ticker              ^DJI          ^DJI          ^DJI          ^DJI       ^DJI
Date                                                                         
2010-01-04  10583.959961  10604.969727  10430.690430  10430.690430  179780000
2010-01-05  10572.019531  10584.559570  10522.519531  10584.559570  188540000
2010-01-06  10573.679688  10594.990234  10546.549805  10564.719727  186040000
2010-01-07  10606.860352  10612.370117  10505.209961  10571.110352  217390000
2010-01-08  10618.190430  10619.400391  10554.330078  10606.400391  172710000
...                  ...           ...           ...           ...        ...
2019-12-23  28551.529297  28582.490234  28491.779297  28491.779297  223530000
2019-12-24  28515.449219  28576.800781  28503.210938  28572.570312   86150000
2019-12-26  28621.390625  28624.099609  28535.150391  28539.460938  155970000
2019-12-27  28645.259766  28701.660156  28608.980469  28675.339844  182280000
2019-12-30  28462.140625  28664.689453  28428.980469  28654.759766  181600000

[2515 rows x 5 columns]
>>> dowjones.index
DatetimeIndex(['2010-01-04', '2010-01-05', '2010-01-06', '2010-01-07',
               '2010-01-08', '2010-01-11', '2010-01-12', '2010-01-13',
               '2010-01-14', '2010-01-15',
               ...
               '2019-12-16', '2019-12-17', '2019-12-18', '2019-12-19',
               '2019-12-20', '2019-12-23', '2019-12-24', '2019-12-26',
               '2019-12-27', '2019-12-30'],
              dtype='datetime64[s]', name='Date', length=2515, freq=None)
>>> dowjones['dowdate'] = dowjones.index.astype(str)
>>> dowjones['dowdate']
Date
2010-01-04    2010-01-04
2010-01-05    2010-01-05
2010-01-06    2010-01-06
2010-01-07    2010-01-07
2010-01-08    2010-01-08
                 ...    
2019-12-23    2019-12-23
2019-12-24    2019-12-24
2019-12-26    2019-12-26
2019-12-27    2019-12-27
2019-12-30    2019-12-30
Name: dowdate, Length: 2515, dtype: str
>>> end
-----------------------------------------------------------------------------------------------------------------------------------------------------

. 
. python:
----------------------------------------------- python (type end to exit) ---------------------------------------------------------------------------
>>> from sfi import Data
>>> Data.setObsTotal(len(dowjones))
>>> end
-----------------------------------------------------------------------------------------------------------------------------------------------------

. 
. *Prepare the data
. python:
----------------------------------------------- python (type end to exit) ---------------------------------------------------------------------------
>>> dates = dowjones["dowdate"].astype(str).str.slice(0, 10).tolist()
>>> closes = dowjones[("Close", "^DJI")].astype(float).tolist()
>>> volumes = dowjones[("Volume", "^DJI")].astype(int).tolist()
>>> end
-----------------------------------------------------------------------------------------------------------------------------------------------------

. 
. *Set observations and add variables
. python:
----------------------------------------------- python (type end to exit) ---------------------------------------------------------------------------
>>> Data.setObsTotal(len(dowjones))
>>> Data.addVarStr("dowdate", 10)
>>> Data.addVarDouble("dowclose")
>>> Data.addVarInt("dowvolume")
>>> end
-----------------------------------------------------------------------------------------------------------------------------------------------------

. 
. *Store the data
. python:
----------------------------------------------- python (type end to exit) ---------------------------------------------------------------------------
>>> Data.store("dowdate", None, dates, None)
>>> Data.store("dowclose", None, closes, None)
>>> Data.store("dowvolume", None, volumes, None)
>>> end
-----------------------------------------------------------------------------------------------------------------------------------------------------

. 
. *{Stata}.
. list in 1/5, abbreviate(9)

     +-----------------------------------+
     |    dowdate   dowclose   dowvolume |
     |-----------------------------------|
  1. | 2010-01-04   10583.96     1.8e+08 |
  2. | 2010-01-05   10572.02     1.9e+08 |
  3. | 2010-01-06   10573.68     1.9e+08 |
  4. | 2010-01-07   10606.86     2.2e+08 |
  5. | 2010-01-08   10618.19     1.7e+08 |
     +-----------------------------------+

. generate date = date(dowdate,"YMD")

. list in 1/5, abbreviate(9)

     +-------------------------------------------+
     |    dowdate   dowclose   dowvolume    date |
     |-------------------------------------------|
  1. | 2010-01-04   10583.96     1.8e+08   18266 |
  2. | 2010-01-05   10572.02     1.9e+08   18267 |
  3. | 2010-01-06   10573.68     1.9e+08   18268 |
  4. | 2010-01-07   10606.86     2.2e+08   18269 |
  5. | 2010-01-08   10618.19     1.7e+08   18270 |
     +-------------------------------------------+

. format %tdCCYY-NN-DD date

. 
. list in 1/5, abbreviate(9)

     +------------------------------------------------+
     |    dowdate   dowclose   dowvolume         date |
     |------------------------------------------------|
  1. | 2010-01-04   10583.96     1.8e+08   2010-01-04 |
  2. | 2010-01-05   10572.02     1.9e+08   2010-01-05 |
  3. | 2010-01-06   10573.68     1.9e+08   2010-01-06 |
  4. | 2010-01-07   10606.86     2.2e+08   2010-01-07 |
  5. | 2010-01-08   10618.19     1.7e+08   2010-01-08 |
     +------------------------------------------------+

. format %16.0fc dowvolume

. 
. list in 1/5, abbreviate(9)

     +--------------------------------------------------+
     |    dowdate   dowclose     dowvolume         date |
     |--------------------------------------------------|
  1. | 2010-01-04   10583.96   179,780,000   2010-01-04 |
  2. | 2010-01-05   10572.02   188,540,000   2010-01-05 |
  3. | 2010-01-06   10573.68   186,040,000   2010-01-06 |
  4. | 2010-01-07   10606.86   217,390,000   2010-01-07 |
  5. | 2010-01-08   10618.19   172,710,000   2010-01-08 |
     +--------------------------------------------------+

. replace dowvolume = dowvolume/1000000
variable dowvolume was long now double
(2,515 real changes made)

. format %10.2fc dowvolume

. label variable dowvolume "DJIA Volume (Millions of Shares)"

. list in 1/5, abbreviate(9)

     +------------------------------------------------+
     |    dowdate   dowclose   dowvolume         date |
     |------------------------------------------------|
  1. | 2010-01-04   10583.96      179.78   2010-01-04 |
  2. | 2010-01-05   10572.02      188.54   2010-01-05 |
  3. | 2010-01-06   10573.68      186.04   2010-01-06 |
  4. | 2010-01-07   10606.86      217.39   2010-01-07 |
  5. | 2010-01-08   10618.19      172.71   2010-01-08 |
     +------------------------------------------------+

. 
. twoway (line dowclose date, lcolor(green) lwidth(medium))         ///
>        (bar dowvolume date, fcolor(blue) lcolor(blue) yaxis(2)),  ///
>        title("Dow Jones Industrial Average (2010 - 2019)")        ///
>        xtitle("") ytitle("") ytitle("", axis(2))                  ///
>        xlabel(, labsize(small) angle(horizontal))                 ///
>        ylabel(5000(5000)30000,                                    ///
>               labsize(small) labcolor(green)                      ///
>               angle(horizontal) format(%9.0fc))                   ///
>        ylabel(0(500)3000,                                         ///
>               labsize(small) labcolor(blue)                       ///
>               angle(horizontal) axis(2))                          ///
>        legend(order(1 "Closing Price" 2 "Volume (millions)")      ///
>               cols(1) position(10) ring(0))

.                           
.                 graph close       

.                           
. 
. *===============================================================================
. *Stata and python
. *Ensuring python has the dataset you want via formatting; sample selection etc.
. *===============================================================================
. 
. *{Stata}
. sysuse auto, clear
(1978 automobile data)

. 
. python:
----------------------------------------------- python (type end to exit) ---------------------------------------------------------------------------
>>> from sfi import Data
>>> df = Data.get('foreign')
>>> df
[0, 0, 0, 0, 0, 0, 0, 0, 0, 0, 0, 0, 0, 0, 0, 0, 0, 0, 0, 0, 0, 0, 0, 0, 0, 0, 0, 0, 0, 0, 0, 0, 0, 0, 0, 0, 0, 0, 0, 0, 0, 0, 0, 0, 0, 0, 0, 0, 0, 0
> , 0, 0, 1, 1, 1, 1, 1, 1, 1, 1, 1, 1, 1, 1, 1, 1, 1, 1, 1, 1, 1, 1, 1, 1]
>>> end
-----------------------------------------------------------------------------------------------------------------------------------------------------

. 
. python:
----------------------------------------------- python (type end to exit) ---------------------------------------------------------------------------
>>> from sfi import Data
>>> df   = Data.get('foreign mpg rep78',
...                range(46,56))
>>> df
[[0, 18, 4], [0, 18, 1], [0, 19, 3], [0, 19, 3], [0, 19, 8.98846567431158e+307], [0, 24, 2], [1, 17, 5], [1, 23, 3], [1, 25, 4], [1, 23, 4]]
>>> end
-----------------------------------------------------------------------------------------------------------------------------------------------------

. 
. *{Stata}
. generate touse = mpg<20

. 
. python:
----------------------------------------------- python (type end to exit) ---------------------------------------------------------------------------
>>> from sfi import Data
>>> df   = Data.get('foreign mpg rep78',
...                      range(46,56),
...                      "touse")
>>> df
[[0, 18, 4], [0, 18, 1], [0, 19, 3], [0, 19, 3], [0, 19, 8.98846567431158e+307], [1, 17, 5]]
>>> end
-----------------------------------------------------------------------------------------------------------------------------------------------------

. 
. python:
----------------------------------------------- python (type end to exit) ---------------------------------------------------------------------------
>>> from sfi import Data
>>> df   = Data.get('foreign mpg rep78',
...                      range(46,56),
...                      "touse",
...                      valuelabel=True)
>>> df
[['Domestic', 18, 4], ['Domestic', 18, 1], ['Domestic', 19, 3], ['Domestic', 19, 3], ['Domestic', 19, 8.98846567431158e+307], ['Foreign', 17, 5]]
>>> end
-----------------------------------------------------------------------------------------------------------------------------------------------------

. 
. python:
----------------------------------------------- python (type end to exit) ---------------------------------------------------------------------------
>>> from sfi import Data
>>> import numpy as np
>>> df   = Data.get('foreign mpg rep78',
...                      range(46,56),
...                      "touse",
...                      valuelabel=True,
...                      missingval=np.nan)
>>> df
[['Domestic', 18, 4], ['Domestic', 18, 1], ['Domestic', 19, 3], ['Domestic', 19, 3], ['Domestic', 19, nan], ['Foreign', 17, 5]]
>>> end
-----------------------------------------------------------------------------------------------------------------------------------------------------

. 
. *Convert the list object to a pandas data frame
. 
. python:
----------------------------------------------- python (type end to exit) ---------------------------------------------------------------------------
>>> from sfi import Data
>>> import numpy as np
>>> import pandas as pd
>>> df   = Data.get('foreign mpg rep78',
...                      range(46,56),
...                      "touse",
...                      valuelabel=True,
...                      missingval=np.nan)
>>> df_python = pd.DataFrame(df)
>>> df_python
          0   1    2
0  Domestic  18  4.0
1  Domestic  18  1.0
2  Domestic  19  3.0
3  Domestic  19  3.0
4  Domestic  19  NaN
5   Foreign  17  5.0
>>> end
-----------------------------------------------------------------------------------------------------------------------------------------------------

. 
. python:
----------------------------------------------- python (type end to exit) ---------------------------------------------------------------------------
>>> from sfi import Data
>>> import numpy as np
>>> import pandas as pd
>>> df   = Data.get('foreign mpg rep78',
...                      range(46,56),
...                      "touse",
...                      valuelabel=True,
...                      missingval=np.nan)
>>> df_python = pd.DataFrame(df,
...                          columns=['foreign', 'mpg', 'rep78'])
>>> df_python
    foreign  mpg  rep78
0  Domestic   18    4.0
1  Domestic   18    1.0
2  Domestic   19    3.0
3  Domestic   19    3.0
4  Domestic   19    NaN
5   Foreign   17    5.0
>>> end
-----------------------------------------------------------------------------------------------------------------------------------------------------

. 
. *Begin the data frame index at 1
. 
. python:
----------------------------------------------- python (type end to exit) ---------------------------------------------------------------------------
>>> from sfi import Data
>>> import numpy as np
>>> import pandas as pd
>>> df   = Data.get('foreign mpg rep78',
...                      range(46,56),
...                      "touse",
...                      valuelabel=True,
...                      missingval=np.nan)
>>> df_python = pd.DataFrame(df,
...                          columns=['foreign', 'mpg', 'rep78'],
...                          index=[np.arange(1, len(df)+1)])
>>> df_python
    foreign  mpg  rep78
1  Domestic   18    4.0
2  Domestic   18    1.0
3  Domestic   19    3.0
4  Domestic   19    3.0
5  Domestic   19    NaN
6   Foreign   17    5.0
>>> end
-----------------------------------------------------------------------------------------------------------------------------------------------------

. 
. *dictionary
. 
. python:
----------------------------------------------- python (type end to exit) ---------------------------------------------------------------------------
>>> from sfi import Data
>>> import pandas as pd
>>> import numpy as np
>>> df = Data.getAsDict('foreign mpg rep78',
...                           range(46,56),
...                           "touse",
...                           valuelabel=True,
...                           missingval=np.nan)
>>> df
{'foreign': ['Domestic', 'Domestic', 'Domestic', 'Domestic', 'Domestic', 'Foreign'], 'mpg': [18, 18, 19, 19, 19, 17], 'rep78': [4, 1, 3, 3, nan, 5]}
>>> obs = len(next(iter(df.values()))) + 1
>>> df_python = pd.DataFrame(df,
...                          index=[np.arange(1, obs)])
>>> df_python
    foreign  mpg  rep78
1  Domestic   18    4.0
2  Domestic   18    1.0
3  Domestic   19    3.0
4  Domestic   19    3.0
5  Domestic   19    NaN
6   Foreign   17    5.0
>>> end
-----------------------------------------------------------------------------------------------------------------------------------------------------

. 
. *Just the basics to import Stata dataset into Python
. python:
----------------------------------------------- python (type end to exit) ---------------------------------------------------------------------------
>>> from sfi import Data
>>> import pandas as pd
>>> import numpy as np
>>> df = Data.getAsDict('foreign mpg rep78',
...                          None,
...                          None,
...                          valuelabel=False,
...                          missingval=np.nan)
>>> df_python = pd.DataFrame(df)
>>> df_python
    foreign  mpg  rep78
0         0   22    3.0
1         0   17    3.0
2         0   22    NaN
3         0   20    3.0
4         0   15    4.0
..      ...  ...    ...
69        1   23    4.0
70        1   41    5.0
71        1   25    4.0
72        1   25    4.0
73        1   17    5.0

[74 rows x 3 columns]
>>> end
-----------------------------------------------------------------------------------------------------------------------------------------------------

. 
. *=========================================================================================
. *https://medium.com/the-stata-gallery/using-dbnomics-with-stata-and-python-df31c09203c6
. *=========================================================================================
. 
. capture ssc install kountry 

. capture ssc install dbnomics 

. capture ssc install libjson

. capture ssc install moss

. capture ssc install lgraph

. 
. cd "./dbnomics_python"
unable to change to ./dbnomics_python
r(170);

end of do-file

r(170);

. do "C:\Users\sscho\AppData\Local\Temp\STD5370_000006.tmp"

. !mkdir "./dbnomics_python"

. cd "./dbnomics_python"
C:\Language_Interfacing\dbnomics_python

. 
end of do-file

. do "C:\Users\sscho\AppData\Local\Temp\STD5370_000007.tmp"

. python:
----------------------------------------------- python (type end to exit) ---------------------------------------------------------------------------
>>> import dbnomics as db
>>> df = db.fetch_series(
...     'IMF','FDI',
...     dimensions={'FREQ':['A'], 'INDICATOR':['FD_FD_IX']},
...     max_nb_series=10000
... )
>>> end
-----------------------------------------------------------------------------------------------------------------------------------------------------

. 
. // Create the excel file
. python:
----------------------------------------------- python (type end to exit) ---------------------------------------------------------------------------
>>> excel_filename = "FD_FD_IX.xlsx"
>>> df.to_excel(excel_filename, index=False)
>>> print("Saved:", excel_filename)
Saved: FD_FD_IX.xlsx
>>> end
-----------------------------------------------------------------------------------------------------------------------------------------------------

. 
. *{Stata}
. import excel FD_FD_IX.xlsx, firstrow clear
(16 vars, 8,064 obs)

. drop frequency provider_code dataset_code dataset_name ///
>  series_code series_name FREQ INDICATOR ///
>  Frequency Indicator

. 
. // Use kountry and prepare the dataset 
. kountry REF_AREA, from(iso2c)

----------------------------------------
The command has finished.
The new variable is named NAMES_STD.
----------------------------------------

. rename NAMES_STD name

. kountry REF_AREA, from(iso2c) to(imfn)

--------------------------------------------
You are converting from iso2c to imfn....
--------------------------------------------

--------------------------------------
The command has finished.
The new variable is named _IMFN_.
--------------------------------------

. rename _IMFN_ imfcode

. replace name="United Arab Emirates" if imfcode==466
(42 real changes made)

. replace name="Serbia" if imfcode==965
(42 real changes made)

. drop if imfcode==.
(420 observations deleted)

. drop period

. drop original_value

. rename original_period period

. rename value FD

. order imfcode name period

. 
. // Prepare the data
. destring period, replace
period: all characters numeric; replaced as int

. xtset imfcode period

Panel variable: imfcode (strongly balanced)
 Time variable: period, 1980 to 2021
         Delta: 1 unit

. xtdes

 imfcode:  111, 112, ..., 968                                n =        182
  period:  1980, 1981, ..., 2021                             T =         42
           Delta(period) = 1 unit
           Span(period)  = 42 periods
           (imfcode*period uniquely identifies each observation)

Distribution of T_i:   min      5%     25%       50%       75%     95%     max
                        42      42      42        42        42      42      42

     Freq.  Percent    Cum. |  Pattern
 ---------------------------+--------------------------------------------
      182    100.00  100.00 |  111111111111111111111111111111111111111111
 ---------------------------+--------------------------------------------
      182    100.00         |  XXXXXXXXXXXXXXXXXXXXXXXXXXXXXXXXXXXXXXXXXX

. 
. // Create the country groups (requires the ado-file 'group_dummy')
. rename imfcode cn

. rename cn imfcode 

. *arbitrary grouping.
. gen idc=imfcode<500

. gen emg=imfcode>499

. 
. gen FDidc=FD if idc==1
(4,578 missing values generated)

. gen FDemg=FD if emg==1
(3,066 missing values generated)

. 
. lab var FD "Full Sample"

. lab var FDidc "Industrial Countries"

. lab var FDemg "Emerging Markets"

. 
. // Use lgraph to draw time series graph with panel data
. set scheme s1color

. graph set window fontface "Palatino Linotype"

. 
. lgraph FD FDidc FDemg period, wide ///
>  ti("Financial Development") xti("") yti("") ///
>  note("`Note: Data from the IMF.'") xline(2008) ///
>  text(0.5 2008 "{it:GFC}", box margin(small) fc(white)) ///
>  name("FinDev", replace)

.  
. graph export "FinDev.png", as(png) width(4000) replace
(file FinDev.png not found)
file FinDev.png saved as PNG format

. graph close

. 
. *erase all files in output folder.
. local folder "C:/Language_interfacing/dbnomics_python"

. 
. local files : dir "`folder'" files "*"

. foreach f of local files {
  2.     erase "`folder'/`f'"
  3. }

. 
. cd "C:/Language_interfacing"
C:\Language_interfacing

. 
. !git add "./code/Python_within_Stata.do" 

. !git commit -m "Commit Python_within_Stata"             // commit the local changes
[main 25ca706] Commit Python_within_Stata
 5 files changed, 532 insertions(+)
 create mode 100644 code/Python_within_Stata.do
 create mode 100644 code/input_code/Python_script.py
 create mode 100644 code/input_code/pyex.py
 create mode 100644 code/input_code/pyex1.do
 create mode 100644 code/input_code/pyex2.do

. !git push -u origin main                                // push locally
To https://github.com/shauns11/Language_Interfacing.git
   92c8340..25ca706  main -> main
branch 'main' set up to track 'origin/main'.

. 
. 
. di "Finished"
Finished

. *Display date and time.
. local date `c(current_date)'

. local time `c(current_time)'

. display _newline "Run `date' at `time'"

Run 5 Oct 2026 at 19:49:34

. 
. 
. log close
      name:  <unnamed>
       log:  C:\Language_Interfacing\output/Python_within_Stata.log
  log type:  text
 closed on:   5 Oct 2026, 19:49:34
-----------------------------------------------------------------------------------------------------------------------------------------------------
