-----------------------------------------------------------------------------------------------------------------------------------------------------
      name:  <unnamed>
       log:  C:\Language_Interfacing\output/R_within_Stata.log
  log type:  text
 opened on:   5 Oct 2026, 19:39:02

. 
. *Example using RSource.
. global Rterm_path `"C:/Program Files (x86)/R/R-4.6.1/bin/x64/Rterm.exe"'       // R executable

. global Rterm_options `"--vanilla"'

. sysuse auto, clear
(1978 automobile data)

. describe, full

Contains data from C:\Program Files\StataNow19\ado\base/a/auto.dta
 Observations:            74                  1978 automobile data
    Variables:            12                  13 Apr 2024 17:45
                                              (_dta has notes)
-----------------------------------------------------------------------------------------------------------------------------------------------------
Variable      Storage   Display    Value
    name         type    format    label      Variable label
-----------------------------------------------------------------------------------------------------------------------------------------------------
make            str18   %-18s                 Make and model
price           int     %8.0gc                Price
mpg             int     %8.0g                 Mileage (mpg)
rep78           int     %8.0g                 Repair record 1978
headroom        float   %6.1f                 Headroom (in.)
trunk           int     %8.0g                 Trunk space (cu. ft.)
weight          int     %8.0gc                Weight (lbs.)
length          int     %8.0g                 Length (in.)
turn            int     %8.0g                 Turn circle (ft.)
displacement    int     %8.0g                 Displacement (cu. in.)
gear_ratio      float   %6.2f                 Gear ratio
foreign         byte    %8.0g      origin     Car origin
-----------------------------------------------------------------------------------------------------------------------------------------------------
Sorted by: foreign

. saveold "./data/auto.dta", v(12) replace
(saving in Stata 12 format, which can be read by Stata 11 or 12)
(file ./data/auto.dta not found)
file ./data/auto.dta saved

. 
. *{R}
. rsource, terminator(END_OF_R)
Assumed R program path: "C:/Program Files (x86)/R/R-4.6.1/bin/x64/Rterm.exe"
Beginning of R output

R version 4.6.1 (2026-06-24 ucrt) -- "Happy Hop"
Copyright (C) 2026 The R Foundation for Statistical Computing
Platform: x86_64-w64-mingw32/x64

R is free software and comes with ABSOLUTELY NO WARRANTY.
You are welcome to redistribute it under certain conditions.
Type 'license()' or 'licence()' for distribution details.

R is a collaborative project with many contributors.
Type 'contributors()' for more information and
'citation()' on how to cite R or R packages in publications.

Type 'demo()' for some demos, 'help()' for on-line help, or
'help.start()' for an HTML browser interface to help.
Type 'q()' to quit R.

> setwd ("C:/Language_Interfacing/")
> library(foreign);
> auto<-read.dta("./data/auto.dta", convert.f=TRUE);
> attributes(auto);
$datalabel
[1] "1978 automobile data"

$time.stamp
[1] " 5 Oct 2026 19:39"

$names
 [1] "make"         "price"        "mpg"          "rep78"        "headroom"    
 [6] "trunk"        "weight"       "length"       "turn"         "displacement"
[11] "gear_ratio"   "foreign"     

$formats
 [1] "%-18s"  "%8.0gc" "%8.0g"  "%8.0g"  "%6.1f"  "%8.0g"  "%8.0gc" "%8.0g" 
 [9] "%8.0g"  "%8.0g"  "%6.2f"  "%8.0g" 

$types
 [1]  18 252 252 252 254 252 252 252 252 252 254 251

$val.labels
 [1] ""       ""       ""       ""       ""       ""       ""       ""      
 [9] ""       ""       ""       "origin"

$var.labels
 [1] "Make and model"         "Price"                  "Mileage (mpg)"         
 [4] "Repair record 1978"     "Headroom (in.)"         "Trunk space (cu. ft.)" 
 [7] "Weight (lbs.)"          "Length (in.)"           "Turn circle (ft.)"     
[10] "Displacement (cu. in.)" "Gear ratio"             "Car origin"            

$expansion.fields
$expansion.fields[[1]]
[1] "_dta"                                 
[2] "note1"                                
[3] "From Consumer Reports with permission"

$expansion.fields[[2]]
[1] "_dta"  "note0" "1"    

$expansion.fields[[3]]
[1] "_dta"       "_lang_list" "default"   

$expansion.fields[[4]]
[1] "_dta"    "_lang_c" "default"


$row.names
 [1] "1"  "2"  "3"  "4"  "5"  "6"  "7"  "8"  "9"  "10" "11" "12" "13" "14" "15"
[16] "16" "17" "18" "19" "20" "21" "22" "23" "24" "25" "26" "27" "28" "29" "30"
[31] "31" "32" "33" "34" "35" "36" "37" "38" "39" "40" "41" "42" "43" "44" "45"
[46] "46" "47" "48" "49" "50" "51" "52" "53" "54" "55" "56" "57" "58" "59" "60"
[61] "61" "62" "63" "64" "65" "66" "67" "68" "69" "70" "71" "72" "73" "74"

$version
[1] 12

$label.table
$label.table$origin
Domestic  Foreign 
       0        1 


$class
[1] "data.frame"

> q();
End of R output

. 
. 
. *Example using RSource (run R script)
. *{Stata}
. global Rterm_path `"C:/Program Files (x86)/R/R-4.6.1/bin/x64/Rterm.exe"'

. global Rterm_options `"--vanilla"'

. rsource using  "./code/input_code/describe_auto.r"
Assumed R program path: "C:/Program Files (x86)/R/R-4.6.1/bin/x64/Rterm.exe"
Beginning of R output

R version 4.6.1 (2026-06-24 ucrt) -- "Happy Hop"
Copyright (C) 2026 The R Foundation for Statistical Computing
Platform: x86_64-w64-mingw32/x64

R is free software and comes with ABSOLUTELY NO WARRANTY.
You are welcome to redistribute it under certain conditions.
Type 'license()' or 'licence()' for distribution details.

R is a collaborative project with many contributors.
Type 'contributors()' for more information and
'citation()' on how to cite R or R packages in publications.

Type 'demo()' for some demos, 'help()' for on-line help, or
'help.start()' for an HTML browser interface to help.
Type 'q()' to quit R.

> setwd ("C:/Language_Interfacing/")
> library(foreign)
> auto<-read.dta("./data/auto.dta", convert.f=TRUE)
> attributes(auto)
$datalabel
[1] "1978 automobile data"

$time.stamp
[1] " 5 Oct 2026 19:39"

$names
 [1] "make"         "price"        "mpg"          "rep78"        "headroom"    
 [6] "trunk"        "weight"       "length"       "turn"         "displacement"
[11] "gear_ratio"   "foreign"     

$formats
 [1] "%-18s"  "%8.0gc" "%8.0g"  "%8.0g"  "%6.1f"  "%8.0g"  "%8.0gc" "%8.0g" 
 [9] "%8.0g"  "%8.0g"  "%6.2f"  "%8.0g" 

$types
 [1]  18 252 252 252 254 252 252 252 252 252 254 251

$val.labels
 [1] ""       ""       ""       ""       ""       ""       ""       ""      
 [9] ""       ""       ""       "origin"

$var.labels
 [1] "Make and model"         "Price"                  "Mileage (mpg)"         
 [4] "Repair record 1978"     "Headroom (in.)"         "Trunk space (cu. ft.)" 
 [7] "Weight (lbs.)"          "Length (in.)"           "Turn circle (ft.)"     
[10] "Displacement (cu. in.)" "Gear ratio"             "Car origin"            

$expansion.fields
$expansion.fields[[1]]
[1] "_dta"                                 
[2] "note1"                                
[3] "From Consumer Reports with permission"

$expansion.fields[[2]]
[1] "_dta"  "note0" "1"    

$expansion.fields[[3]]
[1] "_dta"       "_lang_list" "default"   

$expansion.fields[[4]]
[1] "_dta"    "_lang_c" "default"


$row.names
 [1] "1"  "2"  "3"  "4"  "5"  "6"  "7"  "8"  "9"  "10" "11" "12" "13" "14" "15"
[16] "16" "17" "18" "19" "20" "21" "22" "23" "24" "25" "26" "27" "28" "29" "30"
[31] "31" "32" "33" "34" "35" "36" "37" "38" "39" "40" "41" "42" "43" "44" "45"
[46] "46" "47" "48" "49" "50" "51" "52" "53" "54" "55" "56" "57" "58" "59" "60"
[61] "61" "62" "63" "64" "65" "66" "67" "68" "69" "70" "71" "72" "73" "74"

$version
[1] 12

$label.table
$label.table$origin
Domestic  Foreign 
       0        1 


$class
[1] "data.frame"

> 
End of R output

. 
. ****************************
. *using rcall
. ****************************
. 
. *Communication from R to Stata
. 
. *{R}
. rcall clear             
(R memory cleared)

. rcall: a <- 100
Warning message:
 In  :  

. rcall: a
[1] 100
Warning message:
 In  :  

. *{Stata}
. display r(a)
100

.         
. rcall clear             
(R memory cleared)

. rcall: str <- "Hello World"
Warning message:
 In  :  

. display r(str)
Hello World

.        
. rcall: str <- c("Hello", "World")
Warning message:
 In  :  

. display r(str)
"Hello"  "World"  

.         
. rcall: v <- c(1,2,3,4,5)
Warning message:
 In  :  

. display r(v)
1 2 3 4 5

.        
. rcall: A = matrix(1:6, nrow=2, byrow = TRUE)
Warning message:
 In  :  

. mat list r(A)

r(A)[2,3]
    c1  c2  c3
r1   1   2   3
r2   4   5   6

. 
. rcall: mylist <- list(a=c(1:10))
Warning message:
 In  :  

. display r(mylist)
.

.     
. rcall: l <- T
Warning message:
 In  :  

. display r(l)
TRUE

.   
. 
. *Communication from Stata to R
. 
. *{Stata}
. global a 99

. *{R}
. rcall: (a <- $a)
[1] 99
Warning message:
 In  :  

.        
. scalar a = 50

. rcall: (a <- st.scalar(a))
[1] 50
Warning message:
 In  :  

.        
. matrix A = (1,2\3,4)

. matrix B = (96,96\96,96)

. rcall: C <- st.matrix(A) + st.matrix(B)
Warning message:
 In  :  

. rcall: C
   c1  c2
r1 97  98
r2 99 100
Warning message:
 In  :  

. *mat list r(C)
.        
. sysuse auto, clear
(1978 automobile data)

. rcall: dep <- st.var(price)
Warning message:
 In  :  

. rcall: pre <- st.var(mpg)
Warning message:
 In  :  

. rcall: lm(dep~pre)

Call:
lm(formula = dep ~ pre)

Coefficients:
(Intercept)          pre  
    11253.1       -238.9  

Warning message:
 In  :  

. 
. rcall: data <- st.data("C:/Program Files/StataNow19/ado/base/a/auto.dta")
Warning message:
 In  :  

. rcall: dim(data)
[1] 74 12
Warning message:
 In  :  

. 
. *If the filename is not specified, the function passes the currently loaded data to R.
. sysuse auto, clear
(1978 automobile data)

. rcall: data <- st.data()
Warning message:
 In  :  

. rcall: dim(data)
[1] 74 12
Warning message:
 In  :  

.     
. *dataset from R to Stata
. clear

. rcall: st.load(cars)
Warning message:
 In  :  

. list in 1/2

     +--------------+
     | speed   dist |
     |--------------|
  1. |     4      2 |
  2. |     4     10 |
     +--------------+

. desc 

Contains data from _load.data.dta
 Observations:            50                  Written by R
    Variables:             2                  05 Oct 2026 19:41
-----------------------------------------------------------------------------------------------------------------------------------------------------
Variable      Storage   Display    Value
    name         type    format    label      Variable label
-----------------------------------------------------------------------------------------------------------------------------------------------------
speed           double  %9.0g                 
dist            double  %9.0g                 
-----------------------------------------------------------------------------------------------------------------------------------------------------
Sorted by: 

. 
. di "Finished"
Finished

. *Display date and time.
. local date `c(current_date)'

. local time `c(current_time)'

. display _newline "Run `date' at `time'"

Run 5 Oct 2026 at 19:41:21

. 
. !git add --all

. !git commit -m "Commit R_within_Stata"             // commit the local changes
[main 92c8340] Commit R_within_Stata
 6 files changed, 154 insertions(+)
 create mode 100644 .RData
 create mode 100644 _load.matrix.C.dta
 create mode 100644 code/R_within_Stata.do
 create mode 100644 code/input_code/describe_auto.R
 create mode 100644 data/auto.dta
 create mode 100644 output/R_within_Stata.log

. !git push -u origin main                           // push locally
To https://github.com/shauns11/Language_Interfacing.git
   5294622..92c8340  main -> main
branch 'main' set up to track 'origin/main'.

. 
. !git fetch

. !git status
On branch main
Your branch is up to date with 'origin/main'.

Changes not staged for commit:
  (use "git add <file>..." to update what will be committed)
  (use "git restore <file>..." to discard changes in working directory)
        modified:   output/R_within_Stata.log

no changes added to commit (use "git add" and/or "git commit -a")

. 
. log close
      name:  <unnamed>
       log:  C:\Language_Interfacing\output/R_within_Stata.log
  log type:  text
 closed on:   5 Oct 2026, 19:41:52
-----------------------------------------------------------------------------------------------------------------------------------------------------
